
sre@k8s-controller-01:~$ ps -ef | grep 6443
root        2493    2289  9 22:50 ?        00:02:19 kube-apiserver --advertise-address=192.168.1.105 --allow-privileged=true --authorization-mode=Node,RBAC --client-ca-file=/etc/kubernetes/pki/ca.crt --enable-admission-plugins=NodeRestriction --enable-bootstrap-token-auth=true --etcd-cafile=/etc/kubernetes/pki/etcd/ca.crt --etcd-certfile=/etc/kubernetes/pki/apiserver-etcd-client.crt --etcd-keyfile=/etc/kubernetes/pki/apiserver-etcd-client.key --etcd-servers=https://127.0.0.1:2379 --kubelet-client-certificate=/etc/kubernetes/pki/apiserver-kubelet-client.crt --kubelet-client-key=/etc/kubernetes/pki/apiserver-kubelet-client.key --kubelet-preferred-address-types=InternalIP,ExternalIP,Hostname --proxy-client-cert-file=/etc/kubernetes/pki/front-proxy-client.crt --proxy-client-key-file=/etc/kubernetes/pki/front-proxy-client.key --requestheader-allowed-names=front-proxy-client --requestheader-client-ca-file=/etc/kubernetes/pki/front-proxy-ca.crt --requestheader-extra-headers-prefix=X-Remote-Extra- --requestheader-group-headers=X-Remote-Group --requestheader-username-headers=X-Remote-User --secure-port=6443 --service-account-issuer=https://kubernetes.default.svc.cluster.local --service-account-key-file=/etc/kubernetes/pki/sa.pub --service-account-signing-key-file=/etc/kubernetes/pki/sa.key --service-cluster-ip-range=10.96.0.0/12 --tls-cert-file=/etc/kubernetes/pki/apiserver.crt --tls-private-key-file=/etc/kubernetes/pki/apiserver.key
sre         3458    1194  0 23:15 pts/0    00:00:00 grep --color=auto 6443
sre@k8s-controller-01:~$ sudo kill -9 2493
sre@k8s-controller-01:~$ ps -ef | grep 6443
sre         3490    1194  0 23:16 pts/0    00:00:00 grep --color=auto 6443


sre@k8s-controller-01:~$ sudo iptables -L
Chain INPUT (policy ACCEPT)
target     prot opt source               destination         
KUBE-FIREWALL  all  --  anywhere             anywhere            

Chain FORWARD (policy ACCEPT)
target     prot opt source               destination         
DOCKER-USER  all  --  anywhere             anywhere            
DOCKER-ISOLATION-STAGE-1  all  --  anywhere             anywhere            
ACCEPT     all  --  anywhere             anywhere             ctstate RELATED,ESTABLISHED
DOCKER     all  --  anywhere             anywhere            
ACCEPT     all  --  anywhere             anywhere            
ACCEPT     all  --  anywhere             anywhere            

Chain OUTPUT (policy ACCEPT)
target     prot opt source               destination         
KUBE-FIREWALL  all  --  anywhere             anywhere            

Chain DOCKER (1 references)
target     prot opt source               destination         

Chain DOCKER-ISOLATION-STAGE-1 (1 references)
target     prot opt source               destination         
DOCKER-ISOLATION-STAGE-2  all  --  anywhere             anywhere            
RETURN     all  --  anywhere             anywhere            

Chain DOCKER-ISOLATION-STAGE-2 (1 references)
target     prot opt source               destination         
DROP       all  --  anywhere             anywhere            
RETURN     all  --  anywhere             anywhere            

Chain DOCKER-USER (1 references)
target     prot opt source               destination         
RETURN     all  --  anywhere             anywhere            

Chain KUBE-FIREWALL (2 references)
target     prot opt source               destination         
DROP       all  -- !localhost/8          localhost/8          /* block incoming localnet connections */ ! ctstate RELATED,ESTABLISHED,DNAT

Chain KUBE-KUBELET-CANARY (0 references)
target     prot opt source               destination         

sre@k8s-controller-01:~$ ./kubernetes_chain_cleanup.sh 
Usage: sudo ./kubernetes_chain_cleanup.sh
sre@k8s-controller-01:~$ sudo ./kubernetes_chain_cleanup.sh 
Deleting Chain DOCKER
iptables v1.8.10 (nf_tables):  CHAIN_DEL failed (Device or resource busy): chain DOCKER
Deleting Chain DOCKER-ISOLATION-STAGE-1
iptables v1.8.10 (nf_tables):  CHAIN_DEL failed (Device or resource busy): chain DOCKER-ISOLATION-STAGE-1
Deleting Chain DOCKER-ISOLATION-STAGE-2
iptables v1.8.10 (nf_tables):  CHAIN_DEL failed (Device or resource busy): chain DOCKER-ISOLATION-STAGE-2
Deleting Chain DOCKER-USER
iptables v1.8.10 (nf_tables):  CHAIN_DEL failed (Device or resource busy): chain DOCKER-USER
Deleting Chain KUBE-EXTERNAL-SERVICES
iptables: No chain/target/match by that name.
Deleting Chain KUBE-FIREWALL
iptables v1.8.10 (nf_tables):  CHAIN_DEL failed (Device or resource busy): chain KUBE-FIREWALL
Deleting Chain KUBE-FORWARD
iptables: No chain/target/match by that name.
Deleting Chain KUBE-KUBELET-CANARY
Deleting Chain KUBE-NODEPORTS
iptables: No chain/target/match by that name.
Deleting Chain KUBE-PROXY-CANARY
iptables: No chain/target/match by that name.
Deleting Chain KUBE-PROXY-FIREWALL
iptables: No chain/target/match by that name.
Deleting Chain KUBE-SERVICES
iptables: No chain/target/match by that name.

sre@k8s-controller-01:~$ sudo iptables -L
Chain INPUT (policy ACCEPT)
target     prot opt source               destination         
KUBE-FIREWALL  all  --  anywhere             anywhere            

Chain FORWARD (policy ACCEPT)
target     prot opt source               destination         
DOCKER-USER  all  --  anywhere             anywhere            
DOCKER-ISOLATION-STAGE-1  all  --  anywhere             anywhere            
ACCEPT     all  --  anywhere             anywhere             ctstate RELATED,ESTABLISHED
DOCKER     all  --  anywhere             anywhere            
ACCEPT     all  --  anywhere             anywhere            
ACCEPT     all  --  anywhere             anywhere            

Chain OUTPUT (policy ACCEPT)
target     prot opt source               destination         
KUBE-FIREWALL  all  --  anywhere             anywhere            

Chain DOCKER (1 references)
target     prot opt source               destination         

Chain DOCKER-ISOLATION-STAGE-1 (1 references)
target     prot opt source               destination         
DOCKER-ISOLATION-STAGE-2  all  --  anywhere             anywhere            
RETURN     all  --  anywhere             anywhere            

Chain DOCKER-ISOLATION-STAGE-2 (1 references)
target     prot opt source               destination         
DROP       all  --  anywhere             anywhere            
RETURN     all  --  anywhere             anywhere            

Chain DOCKER-USER (1 references)
target     prot opt source               destination         
RETURN     all  --  anywhere             anywhere            

Chain KUBE-FIREWALL (2 references)
target     prot opt source               destination         
DROP       all  -- !localhost/8          localhost/8          /* block incoming localnet connections */ ! ctstate RELATED,ESTABLISHED,DNAT
sre@k8s-controller-01:~$ 

